// Jest Snapshot v1, https://goo.gl/fbAQLP

exports[`pruebas en ele componente <Header/> pruebas contra el snapShot 1`] = `
<header
  className="center"
>
  <img
    alt="logoP"
    src="logo.png"
  />
</header>
`;
