// Jest Snapshot v1, https://goo.gl/fbAQLP

exports[`pruebas en el componente <CharacterGrid /> prueba contra el snapshot 1`] = `<Spinner />`;
