// Jest Snapshot v1, https://goo.gl/fbAQLP

exports[`pruebas en el componente <CharacterItem/> debe de comparase contra el snapshot 1`] = `
<div
  className="card"
>
  <div
    className="card-inner"
  >
    <div
      className="card-front"
    >
      <img
        alt=""
        src="data:image/jpeg;base64,/9j/4AAQSkZJRgABAQAAAQABAAD/2wCEAAkGBxMTEhUTExMVFRUXGBYXGRgXFxYWFxoYGBgXFhoYFxcZHighGBslHRUVITEiJSkrLi4uFx8zODMtNygtLisBCgoKDg0OGhAQGi0lHyUrLS0tLS0rLS0rLS0tLS0tLS0tLS0tLS0tLS0tLS0tLS0tKy0rLS0tLS03LS0tKy0tN//AABEIAKgBLAMBIgACEQEDEQH/xAAcAAABBQEBAQAAAAAAAAAAAAAFAAIDBAYBBwj/xABBEAACAQIEAwYDBQcDBAEFAAABAhEAAwQSITEFQVEGEyJhcYEykaFCscHR8AcUI1JicuEzgpIVU7LxQ2NzorPD/8QAGQEAAwEBAQAAAAAAAAAAAAAAAAEDBAIF/8QAIBEAAgIDAAMBAQEAAAAAAAAAAAECEQMhMRIyQSJRE//aAAwDAQACEQMRAD8AjF0cqltXp50Ct3fOrFnEa8q1mKg+b0DeJqI8Tjz9arW78gelS27c0WJJHbeOHOpGYHY1SdGJOwHSulP0K5Z1SLOY8jXVmo7a61aRRQIrYm00UJxWCLbjXqN/8+hrQsvmar3hNOgM4C9shbikpycageTcx61fs2QRIII6gz91XWt8iJB3BoJdttZuSmk6idZA+y3WOu8RSHYYXDgUjZFLBY1bg2hhuvTzHUVYB12ooRELVdIM1MBPOnrk5mnQD7CCKjipBi0AiTTQynUH2oAZbxKW3VrhyrlcTrEyhAPsCfY1dfjFgAnvBAnrpG/Kh927bR1LxqGyfDIIIJiSPpTzjLO+UnnogJ+hqE78iseDcZxVzad7SwMrENpyB8WU+m1YPtNx25axlrEJAbuwrrOjBWMg+RB0P5VoeM9pLGHstbYOzurZVy5ZzZvESdl138jXmPEuIvebM5GmgAGgHTzrn4UinZ67gO0CXraukQ3IugYHmCCd6kfFNbDsyNBZdihIkKv83WvEiaP8A4/cSLLvNpivxEkIQQQR0GkEba1zR1R6bb4xZb7evoR7bb0ObFgtKGRrrBG7uRv5GpLWIvhYD2dBvLmAASZ/hGYEGZjQ+0uCDXWZ3KMRlUFM2XQSfiAMySfQiuoL9HM3+RvCQDJIEloOn/1UH3ufrXcJjgjZczBRmlQgInN1AJ3nTTfypcAsi53glhluONDH/wAhYHT/AO3bP/uit3FWU8JuIpGkFgIgTET0+laooxZJbo8y7XcCjPibKMLWYZwVjIza6f0mR6ExzFZQ17dhkS8boDFrTIQzJLhiRpbIDRHUxOsV5f2p7OvhWDZGFttidlbU5J5wOfMehrPNUzXinapgvA8QuWWzW3Kn2I9wdDXoHZr9q72bYtYiz3gGaHQ5W8TFtVOh3OxGwrzSlXKbXCrin09S4z+0GzibYQA2xnzHNPIaagkbn6ChqY60driH/cKwE1yqLK0TeFM3t/idlN7i+xk/IUH4n2hRkZEUnMCsnTcRoKzVKk8rYRxRR2nLTKetTKnqwtUlt1OyGY2qazbEVpMgrN3lU73mGx+cGormH5qfaq5mdaaOSbvDvNcGI112ri2waetheZp0gJrF+PP8KsDFVy3YSN5qdbVukBXbF11cT57/AKNS3AoGgFUsXeOe2IG7f+JoAma9z5UN4ndDLABkaj8R8vwq1cBNRizTECLTkEMpgjY/rcGjuE4griY1G46Ggd21lYr029DqPxHtXEYgyu/0Pka6q9iDdzGE7CmDEvOwruCy3BI35g7j8x51aODrmzpIovbJ1pKxU70RbDCKpXUAOp9PflSGWcFiXd9EBhT6QSPMfy1YxuJuIjubNuEUsdZMATtQ+xiAj6OVlT8KO5Oo5JyHWu8ccmzcHfXYKN8NtsuxEFtY+dRn0rHhgH4VexLveuRLGSx0Uf0r5AaUC4vhBauFAZgDWI3125V6lcXOoW3NtVGsjYxPPQQD93Ssd2gwGGcgWLha8PiChmlepPUfWa7njSWhQyNvZkK6Ke6QSKN8dt2hh8OUUBmWTHTnPU5qjRezZdmrVzEYe3cFy3GXIVNm23iTwyWIJYkQfejvCcMyZ1cqxzCWVBbU+FYhV0G/vWO/ZbxCHuYc/aGdf7l0YfKD/trWtxRla5lslhMgl1HwqBtrzFdY/Yll4SdlR/q/3D8T+NTY/CS5Iss2oOYOgBINttiettf0ar9h7hZLjaR4BoANYJOgY9RWiYCtUVcTDOVSZV4BYhXGXLBAiZjwg7jferPE+FpftNauCVYEHy6EeY3oNjsGXusRaZoVPErhNc05WBOoyzr/AFDXSof+nXP+zcOgJm4m+kqBPw7xz130qEulEvtnjnE8A9i69q4IZGKn8CPIiD71UrfdvOBkILxQo4gasrFlCrIgH7JDGejCawRqTRui7VnKVKlSOhUqVKgBU9aZTloA90xGD102qotuXiNKPd6p0GpqQWwNYHtWkxgx0AHlVW5ZkfhRa9dA0jWqGIvRyoEVDYJEgVG1sjcVdt4mdqkaDvJpiBZUjYU9M1XwgAk6eVIulAFTu3OwqlinIdAdDE+niG/yNFReXkaCcQR2hx4ldYJJMgo2sRsPENp2NJsaQWsI3UVeTCHcj7qo4YncsTqRPWCYnziKtC5507sChx/Bwq3BpBymOh2PsR/+VBIo9xRptMJ6H5MDQOK7icsfhrzW2DqYI+RHQ+Va3AYlLy5l0OxHMHoevrWPqXCYprTh0OvMciOhHT7qGhpm5NgAbaUGx9+yV0IbUGAdYGpjy2186vji6X7DROmXOu7BcwzSB8Qyg7bifMVnkw6C2rGy0XAdTdAzgGJyswaNdo51NtnSroX4XbTvXysrQgmCDEn/ABUmHxVnFLcVQxUHKZBXMOTJ1UxofKgZ4Ysqi4O6SwJAQycoifhbbUfOr3ZTDZXuRbNtYIynbUow1kg6a6bZtdanJfSif8PN+I8YxIxLWBcnJfKoGAInNlBYEQ3I6iJrVWOG93aZVPeOSZKyYJ1OZ+Z31Jq/xLshh1unEkNcL3fEjZSnjzCFBAg5impPWj6CUyd3lAXSMuX0gf8AqkpNFfBSR4JiD4m9T99blcOl+xbJRWPdg9CAAM2X3FD8F2Ua7ir2YZbSO3i5RMgDroRRriNwJhb91AAq5bdsxyBUe+uausa02yeR7SRh7GIfC4hXTRrbSJG/LXyIkV6CnD8E9oXFZSXAYZrhBk/za6GSZPrWW7U4AuyXE1LKuYDkYmoOz3GEsZrd5CUYjURmUyA0dRE+4rn1ewmnOKaPQ+AWrlpGC3VKplkRnDeBTo+bQERrGnQ89Zl3rIYLHYUWbz2roNo25ljqGOfwwYM+Xn51Txv7RFJyYW015uTNKr6xv84q6kooySxyk9GjxSv3pC3nTMUXKoYhtbc6jRSFuOZO+UDTeg3EOLsngt33e54cwi6oSQJDFm3BnbfTQAzQK7icVeOe9eKc8lmUGwGrAydhzp1u2FEAQP19a48LdsrpKh924znNcYuxEEsSdOgnZfIffWG4zgO6uEfZOqny6e1biqXF8ELtsj7Q1U+fT3pzha0dY50zC0q6wiuVmNYqVKlQAqetMp60AfRFrBzE1ZfDxoBNRm6OtRvxGOc1pMRy/gGPMUw4ARBApz8XH2agu8V8h7UwHpw9Rr+NO/dh0H1qn/1LTX/3TRjZO+mtAi1ewinQz6zVC7glBCgNsTM+YFWVxI/91SxGM/jqBMZYPq50j0yGZjfSaGxo5+5JmghmhS0ZS6sdlDRqFkyesAdaqjhUIBnulQNIS5GrZ5ELAnTai+FzSzrft2wfDByEwpPU7zm+VOe93aAHF2FVQFBJUbaDXPE1x07XAPw/D5WAhyHLZiQVAaWP2jroCNByHSiTYZJAkAmTE6mN/vHzqm2JtjVcZZcqxbIuUkk5jl0aZOZoqzeu/wAa3/bdH/6/yppikhvEsKO5uHoprOtWg4viZtGDMkLp6yfuNAapEmyOlTiK5FdCOcweYM8/kYIkGNRRbg+NE5M4stlKhUW5c7zxM0LnkJAjQee8ChNcZaUo2dJtHonYvDFMTbm33Z7hiRnL/asiZ5bfSs3ZQ5mMBVN0SjLbbNItyZ1MGZifkaj7K9ov3S5mZDcTIyeEjOMxVpljDfCBqR60MS7Z/eVyhmc3EKuzidMu6kDQQd+QqUkUizZYzhKMjKEQEqQpyjTQwQdxBM6VQ4hxu1ZsiLdwMQfALbABspYrmIyk+FtpmOdLifalASlmHeYndAYnlqxHlA86AYzDXL5m7cZoMgCFVeWgA6TrvrUisZNFG/xF2RlLKoOY5Rpq3i8U6mAY0PWh/Fscr4ZbJ8ShkJCkBjlHUmPYTvVHtBjbeHuhFVLgiWUzKnpmB38o6US4dhbV+13lsbnVTEqeYPWu/P4JY9+TL1jG4YqFW0Ntgpn0iKz3H8H3hlLS2lG7MQD1iBooos2A/p98oP1Gb7qpcX4C1wDKxMbCQAP9ogfKlKTaoIwUXYEw3CrXO4HbyiJ9Nz9KNcMxSH+GAqsOSwAQOn4g6ih2A7OOrBngx9kLmHoZEfr1i5xXhQuCRCOo0PwiByMcvPl1NKLcTqaUtBakKBYBr1hgt4yj6A5pg8teh2+VHK0RkpGaUXHR2KVIGu0zkyfafAZGFxR4X38m/wA/gaB16Fi8MLiFG2P0PI+1YHEWSjMp3BI+VZskadmrFO1RFSpUqmVFT1plPWgD6CbDnrUL4faeZVf+TBR99N/e5qvxDB3byAi4iWwQwLJmYkHRlOYZeY5+1aZSpGIq9n1VrUlh/qXVEsPEA51Guu4+YohesAaVnL3BMwCC4MqEkZSwALDU5Z0mI35Uf4fdLJDtLKcpPXQEH5EfKuYyTGyF8NXbdkDf51ZvgCNz91RFh0roKEbQ5a0PvHIGu5F0+34i8EtAgeGCAw2O/pRJL/QCKpYbXDtlILEhtSYEG+ACZMD+GRy+E7bDmQ4hDhXDc6u7JbYlj4siMT/pOu+4hEkzzbkasvhSpJVEBIgmFXSLgjRD/wB06+S9Ks9lbLpbZX3zLodx/Ct6NGk+lT4jEEhsttmAJEyupXQxJ606HbsB8Wa73T7D7WhG+Z2H/wAe03G57Vl8Yly7nIjKkj4yCcw8htAFbDia5rRKxqFI6bgisjaxAHeqQwcswgSwEZY15TBHy9+WdRKXBsIbeZZMAzEyMx5xyMf+VESK7bSBrvufU7+3L2FdirxVKiEpW7GRXIp8VyuhWMiuRT4qHF3siloLbAACSSTAAHUkilY+6IcdjEtLmcwPqfIDnWY4h2mLLFtSpPMwY/tHXzPtG9TdpOBYwJ+831CrIGXMCUB2BA2oRwbg17EvktJmjcnRVHm3Ks08jlo0wxqO2FOC9qRYSO57x+blyNN4iNB761ziXbLEXAVUraB/kHi/5Hb2io+Pdkr+FVGfIwdsoyEk5okCCB0NE+E/s8xFwBrrCyDyIzP7qCAPc1PZTXTGsZrY/s6Zs90fZyqT0mYH0mhXaXs2+EuImcXA4lSBGo0II5bjnzolwrHrhUNq2O8vNqxX4QeQnmB4vnIoQ3w2L2hMwJ6xrUnd6VibtzGOcwYhuUAx+vatnwXE94gzRmgSNvmp1UzIjyrom0cW3rQ/iuHMabj5UWxPgceelVccZBNAGQw17vbN+22rWySP7Sfw1+YqxwDGd5aEnxL4T+B+X3Gs/wAKxWW+0mFYXFPuCR9QKsdkye9bpl1+Yj8aeN1IMkbizVU8UynitRlFFZvtXgdro/tb8D+HyrS1HibAdSjbERXMo+SOoS8XZ5zXKlxNko7KdwSKirGbRU9aZT1oA9oW95VT4Q5e4isSw7y7ozkgQHiEOg0jTlp1oqMGQNBQrggPeppp3t4TAP8AOPimd5G3LymrTMT4ScXEXLgAgBARpIkMPsjfTl51zs2p/jcgH2jKNgJAnTSKm7QYdg73AogoqFi0R459aqcBugG4JGrvtPLu+vqfrXMejQcnrTTbFRWxJkVabaqjKr3FH0pnAHIYi6LuUFCDkYqcouDKI5eOT1jzpq2x3iEqGBYAgtlEkEDXlqR8qNtaEf6Vr/de/GTSaOky1gsUCt1wGIzEjwkEwibAidwaHYnir2ltqoYDKSzMoSX00HeQCfjOhpz3GQQDZQE7IzFj/aZ3j7q72hQ27auCWIddHYuuzbqzgH3NJ8BdAd/Esy5RdYJ5Nh1nXMB4vEI0EeQ86F27at4gWYEkktlMmdxlAEffPvVy7xS/czAm0qajwpBI2+IORB11G4qDK3Vfkfzp44PrOck1xHO6Hp6EikFjmT613xdF+Z/KkJ6D5/4rQRFXIpxFNB9qQHCKfgzF6yTsLiz7hgPqRTTXLENdtpzJzx/Sms+mbKPelLh1HoS7cTewxsp8Vx7aj/mGJ9gpPtT+DcNt4ZAtsHYSTuTzYnz6bCiuHwgbWNjuQd4jSfIkSOtXBhBWevpe9UBcUuZkcrLJOWfhBaAWiNWAEA+Zqu926fjb2Xwj57/WjeIRRIgk+SsR7kKYqC5h+REHfmR0+KBSoLMs2Btd4HveJjoCxLZRtpJJ9Tzon/0q2FGQLlOoygQQeYjfSh/aPBju85DkJJK2/iYdJ3AnmPOsIvFsZaBa2byWpAAbM6L0WWEVzdHaVmr4jcW2SHYR55fy/EetP4FdF633g08bgEaaTP1mY86wWJx1y/cBuMSSfTc8hXofY4Wu7uLanKr7EyQSizJ9QaS2NqkSYpLhUgPrGhjY8iddR5aVmuLdpj3TWyhW9qrdB5j1FbnEWKD4vgtq9IdRMRmgZh0g02JM8uNFezd/LeAmM4y9ddx91avD9krVpPH/ABG5k6D2FY/jVtbd9hb0AI25GBMe9JadnbqSo2ZYjce41+m/30+3cB2Ptz+VcttIB6gGulQdwDWsxElKo+66Ej3/AANLK38w9xP3EUwMz2twkOtwDRhB/uH+PurPVueM4dnsuDBgZhoRqNep86w1ZcipmvFK4ipy02nrUyh7zmiDP1mhC8Ha2q3s4Mk3NFIbNcOpLBoMZtNNgKjvXWiSwAkAlmIESJJOsaTrFEsTj0/d1XxSAk6GNCvMwSNKtJmN6IOLWSty3bDt/ELSSZjLlI00/QqrYwYW8LclmcuZPIkaDU66JFX+1V7JesNlY6voIk+HzIEe9D8VfutfW8uHdVGsNlB5xsToQ1croKw9bwZAiPuqDNMhdY0PODTcHxHvHW0W7tjOYaTpEBM28zvrtTHbubjqNiT4gImFUsDB3BfpzqlnVED3hmHw+F0nNOUQ4nNAmBHKibXEJ0OFnysO31JAoVcxLBlZiCoII/mVlZXDKDGY+Dn6c5qbFccunRHZR/MQA/tBIH1ppNibSJcfdIXxFQJHwWhbJ1nQzJ2gjaD0qHi/GGveGMqTMczHU8vQfM0Ou3CxLMxYnckyfn+FMqigkcOdnZpTTWMb6VH3y9R7a/dXROiTNXC1cBn/ANEffXaAOTXK6agxWLS2JdgvqdfYbmjg1smgmANSTA9T+vvp/HLa4R8OD4u8F3O2XNmfNZA0GuUAmAPzNCE47ZDFmuBcoOUAyepkDSTsKy/F+PNiLwZ9LayFUbKDuf7tjPkKz5Jp8NOPHXT1vAcSDTbUMmWHJURIOgEHqQd98p3E0rHHxdLW7eaR9qCTvqTKwP1pQ/8AZ7ZzWC5dXYtBK84AKk9DlKiOUGifZvhItd8Jlu8b2XdRJ1OhneKQ2ZziHaW5bxK2r1tAHICmM25Cg5mkHzEDerXEOMiwUL2yFY/EqrAjeQuUnSeoop2p4ImIt5XG2x5qeorvZyyTbNu4mqwswDmAGmvOJI11pUwtAyxj2uu9uziLNwmWAIIZFO4IHxRO/LSZrPYTjVzCrfsYoZ7oMrncAMp00JmV0kADn8rvGuBvg8Q2KwuWCplNBExOXynKY/MVmeJ425esi9cxFt2S4C2HdQGBmARPxqRuAa5Z2kBOK4xbj5ktrbEDReZ68q1/7LsTL3rR3IVx1MGD/wCQrFYy6HdmVAgJkKs5R5CeVEuy+OOHxCXdco0YDcq2h9+ftXK6dtaPZL2H0rGdosecM4bxQWBgGJjcH2/Qr0G2AygjUESD1Brzj9qVggWjruwPTaa7fCUehXtRiu7w5cdBrzhoiPPUV5dK5GJ+IsI8hqSfqBRzGY/E4vD7AW7KqGI3crAn1AgxVe3wrLg3vMNWK5PJcwBPkT9wrh7KLRqLQlF9AfoK6G1g7/Q+n5VHw9ptWz/Qv3Cp2WdK2LhjfR6101UF0p8Wo/m/P9fOrIaaYjpE7151i7OR2T+UkfKvRZrD9o7cYh/OD8wKjmWky2B7aBlPWmU9azmk9ru4ME6TCnnzIP3Aj5j5tuYckGRIO/8AmpjhreW05lGe6QzB1QwTcB1uHIvLfpUuKwFkSykGLtsZ3vBhH8OZu25AEEiVGnmaq2YgTe4eoDNkWcra5QTqNd6ZYsIdFCkoHdijZtNNB4QIjYeZ31oxi8Hbd3IFsjuxAR7twT4+dwAk7co2oc+Iy51RVZsuTMC2USBPiYktEcuY5URTY7or8AzWbtp2KqrqAXKFhAWTIB8BJU+LlrvNWOL4gPed1JyH+YR9lBIBOnwc/lVTuzpLbbAch0E7UiijXT1O/wAzVo466J5LGK41iWPXef8AcdPrT5Y8gPU6/IfnTlaf0adNUJshKNzb5AD75pd0Ocn1J+6pa5QFka2lGwHyFPNcYxvpXHcDcxQMVRYrErbQu5hRuaf3nkx9o++KxvbDieci2uyyW2+KY5Hlr865nLxVnUI+TofxXtOzCLRy+YgmPU8/T51mmckyTJ6nU/OmUqyOTfTZGKjw7NKuU5VnauTo9J/ZVxUIptsTkZwvXK5BIJ6BgCPVBXoi4lEvFCwGcBgOZI8JEegX615b2b4Y1nIJJa73OdeQP7xYVY8wHefevTuK2AGsgnNnu5fFsFCu50EDZNzVVrpCW3aIcfxKxmVGuopYgAMygk7aCfOgvD+0KJiLlubbJAAZbqMxaYK5QZBJgCY1o7jsDbbKzW7ZKnQkK2WNRDRpyNeZ9nMahxBtYZYL3yxYliBaDgzCkTpIA/qA50N0EUmaDtSMTcM2AQ6nXYqQQZAkct50kk7yK804xaYOc7ZiSZY8zvX0FxFQEIH60rxft3ai7y11/wAfU0pI6g/gF4Zw1rmsGPv9KP4ewqMLa63DqANQo/nb9a9NZqPCY0JZt2rS5rzqDtCrP2m5k6elF+G4EWlMnM7asx3J/KnCFhOdB/szxfuMuHukm2YW251IY/Yc9CdjyOnSrfaO2Ltu6pjxI8D0H5x86zmIWVYeR+7Q1rLGGkw2rsoLCNANo8hJb116adSjTJxlZneGcN7vAKnMox92mfb8hQG+08LT0I/4sY+oFaft5xQWLELGY+EeQ57eU1kxczcOe0wg2WAJ5EtLAeoJg1NlV/TvZi/msx/ISPY6j7z8qL1l+x9+HdORXN7gx+Nak1fG7iZ8qqQ01AbGXVDl5xup9uXtVikapRxZXt4kcxHny/xWc7Wp/ERuqx8j/mtPcsg/n+t6znanD5Qh8yOfkdv81LJ6lcXsZ2nrTKetZjUe8WcJeZVK5FyOWEzOYFhroRGp0rmOu3Fk3HQEsG0zZiyxGXLBnwjUUJvYpWGZWbxaljmRZOvhTT9dar20j4Qdd2aSfrr91aI429mButFjEYy48m45M7+JjoJgMWJPM6ba86hVgdv8e1NIA3JY9N/kBt612GP9P1P5D61dJI4uxXfWB7D6mo0j7K+50+p1P1pDKDoMx+f1Og9KdDHov1P5D60AdEjUkfcBTRdHKT6DT5nSnC0N9z1Ovy6e1PoGREseQHrr9B+dc7rqWPvH0EVLFKKAIhbA2A/H506nEU1iBqdI1/zQBU4jj1sqGbmYA5+Z9ANa83x2I7y477ZmJj1NHe1HElusFtmQAROvikiQPLwj1is2ay5Z26NmKHirOUq7V7CcHvXPhttHUjKPmamlZVuulFRW+7KcAylMxRLrz4n2RQrORuNYXU8vaqvAuzJtOLl0qxGyiSAes86P3Vk/6YfwuokSFLju83kRnEHqfOqeDjFyZFzUpKKKXEMDiO+tGzGYMiy05GYNnXnI2G4X0HMs9nime01y3h7mV5jM3jlWXLLzp4pgdK1nHMq38JbC65neBA+BDLEmABqdSaIutxzm8KADwkSxE7sAYB00BI010M1l/wBJGr/OJ55e4zi7jGzawotXiDMxkyiR4Cgluo0oPwfsjj8zOrpbLeFiApOhBgrAy7A6a7V6BhcOBi7gTKGt27WXMC2nwkRIJ0br0mpMTeZ1vE32R1nKiCEEW1IDFlMGSTq2xFdPI2JY4oxZs8Se/wDuj4kCRm76AGjKxygAiZjfllOtU+IdgnOZnxTO4BjMszE6SW2rXPaujFIzZC8JG4XU5TJ1OzdOVVeI2SGcllW4TcGWNAndkqRsx2jXTQmKPKTDxS+GT4Lwy5aTvHKsHhQY8QyyB7afSikVJibf8NSrFlDPEEFQdG3H9Mrzgk0yteFtox5lUifh+TvFNwwi+Nuc5NQABqSTGnrRd+MlFL90ZbUl2C+wADaAacvrQjB2s2brKf8AGSSPQwKZ2mvwoUas3hUdWOgH66VRx+k1J3SMZx7i5xWJBYeBWjKDIgHXWOgj2qO9xKcO4/7t13I8oEVc4zg1wloWxrdcSzR13CnkBr6zQPF4dlGVtMiiR0LGQPXWs0lTNUXaDfZbCZYufzo8eiuo+8GtDccAa/r061nBjP3ZLXhlmtmAToCWDEx+XSr3A87A37hl20QfZVebRy12HOPcVhKtEckb/QQtMxJkQNgOc85Py+tTUgtdAqqIiIoB2vH8NP7/AMDWgoD2w/0k/v8AwNc5F+Wd4vZGRp60ynLWQ2Hrpyg8y3zP+B8hTAxbSY9Pxb8vnTkMaAAnnGg9zzP1pd3118tl+XP3r0TzRoIHwifPYe55/Wu93PxGfLYfLn71LFMzztr58v8APtSA7FNV521HXl7daeRSimBykRXYrsUBY2Kr4vErbUs5gD3PsBvXOIXioCpGYhjJEhVUSzESJ5D1YVQs4RO6e9cY5iSq5oOaN2Y/yzy02PtxKR2l9ZFjOOuuXJYZlcEqScsx5QY94rN8a49fuDIy90p5AMCeUEnca7UVv9pUU5VXvD/ToOek/Efp71Yw/CruKUviT3YAJBaSQOWdidvSKjJuWky8Uo7aMMrkbGK4zSZqfGKoMKQYJGnONj+ulVqzmgJ8K4klnXuVdp3YnT0Gw9aN2u2JO9n5N+YrJKJpzIQfyIP3V2pyXDiUIy6bVO19rZrdxfkfyolgO1mEUkuzFSpUhQVuCWRgVJEaFBz5+Veci6w5/PX76675o0E+Qifam8japiWKKdo9H7T9urDvZu2GvM6Fwc8fCdgMwIImDqCdAK4P2qXCOanztJc+57dea1yo+KLeTPSOzva5bmMu3b19bRa2EUle7WMyE6/xCpOUc+W/Ktfd7RcPNprZxdos2fxSd2mDrqYGUb6x514SDSmhxQeTPUn7aWP3tC9wFVks4DFIB0CkCT8Kn4eZEjen8T7Z4Vu8FpnuM7EgC2wJlcsSY5615VNWcJiSpBCqTuJUNTUUJyZ6KOIKy5T4ScpKkQTceS0AToFYCT/JTiKzfB+OF72Vwq5hAI/mE/eNPYVpa1YkktGTK23sdgHPfBeTIT/wMf8A9B8qnxloG+jN9gMfeAB9C3zqDDki7bI/qU+hUn71WqfaXiPdqzTrEAeZ2/XlVG6TJ021QCRlv4u7dua2rMsehIMKPcifaoeM4Yd4lnNme5c7y4embZfYE/Oorzd1YW2fiuReu/2/YU+u/wDurmCvlFu4t9XYlLc/znUt6KNPpWezSlRfx2Dtu/e3XC2l8Kjm0bnrEyNOlEsOZVMgyJAIEa5eU9J+e+tAuCcKa4wuXlYqsZVbQGNpnXLpsN61IGsnUnUnb6chy9qpBXslkaWhKtPy12lVSQyKznbJ/DbXqWPyAH41piKx3bG5N1V/lX7yfyFTyP8AJTEv0AKetMp61lNZ6+g02joKTED8uZ9KVKvRPMQ3IT8W3T8+v3VJlpUqAs4hB2/XpXYrtKhAzkVxzAJ6AmlSoBAu2u1y4+TviEzHkoGZgo3gaj1ofxHAHEkSxt2V0RY8ZHInkARGlKlWbIzTjX0n4bwW1anKpJIiW1McxtpRK9gWvKEuEugEBToPUxufOlSrhFHvZGvArNsT3dpQOZUaepNC8Vx3DoctsG63S2unz/KaVKuHo6irAWJ7Q3bmluyoH9pc/l9KE37N5zJtt7W8v3AUqVcnfCv+7vMZWn0NTYa/ctHMAQfNfKOY86VKgZVNcpUqAFSpUqAOrV7C3ATBtsVOmVNCfVoJNKlTQEnGMKtq4O7YwQGEiCAdRB5/4rcYHEd5bR/5lB9+f1mlSq2L2aM+b1TJrDjvQCQAqs5J2AAIE/Nj/trKcWxSPiFe7/pa3IG7bEKB1KhBr1NKlTyvQYlsC37zX7pY/E7ew6D0A+grQ2uJ4dAoALlRlRQskDrrpmY6mPIcqVKoxdFnFPQZwzOwDN4dPhEHXzPONvnVpBSpVrjwxPo402lSro5O159x6/nv3DymB6Lp+FKlUM3EaMH0H09aVKs5pP/Z"
      />
    </div>
    <div
      className="card-back"
    >
      <h1>
        Batman
      </h1>
      <ul>
        <li>
          <strong>
            Actor Name:
          </strong>
           
          Alejandro Soto
        </li>
        <li>
          <strong>
            Nickname:
          </strong>
           
          Bruce wayne
        </li>
        <li>
          <strong>
            Birthday:
          </strong>
           
          september 6
        </li>
        <li>
          <strong>
            Status:
          </strong>
           
          active
        </li>
      </ul>
    </div>
  </div>
</div>
`;
